[2026-08-12T22:09:54.156988+00:00] grav.DEBUG: API client error: API access is not enabled for this user. {"status":403,"method":"GET","path":"/api/v1/languages"} []
[2026-08-12T22:09:54.179098+00:00] grav.DEBUG: API client error: API access is not enabled for this user. {"status":403,"method":"GET","path":"/api/v1/admin-next/preferences"} []
[2026-08-12T22:09:54.203422+00:00] grav.DEBUG: API client error: API access is not enabled for this user. {"status":403,"method":"GET","path":"/api/v1/custom-fields"} []
[2026-08-12T22:09:54.244521+00:00] grav.DEBUG: API client error: API access is not enabled for this user. {"status":403,"method":"GET","path":"/api/v1/system/environments"} []
[2026-08-12T22:09:54.258756+00:00] grav.DEBUG: API client error: API access is not enabled for this user. {"status":403,"method":"GET","path":"/api/v1/dashboard/stats"} []
[2026-08-12T22:09:54.270392+00:00] grav.DEBUG: API client error: API access is not enabled for this user. {"status":403,"method":"GET","path":"/api/v1/system/info"} []
[2026-08-12T22:09:54.281485+00:00] grav.DEBUG: API client error: API access is not enabled for this user. {"status":403,"method":"GET","path":"/api/v1/dashboard/notifications"} []
[2026-08-12T22:09:54.292519+00:00] grav.DEBUG: API client error: API access is not enabled for this user. {"status":403,"method":"GET","path":"/api/v1/pages"} []
[2026-08-12T22:09:54.302837+00:00] grav.DEBUG: API client error: API access is not enabled for this user. {"status":403,"method":"GET","path":"/api/v1/dashboard/popularity"} []
[2026-08-12T22:09:54.312979+00:00] grav.DEBUG: API client error: API access is not enabled for this user. {"status":403,"method":"GET","path":"/api/v1/dashboard/feed"} []
[2026-08-12T22:09:54.323832+00:00] grav.DEBUG: API client error: API access is not enabled for this user. {"status":403,"method":"GET","path":"/api/v1/system/backups"} []
[2026-08-12T22:09:54.334658+00:00] grav.DEBUG: API client error: API access is not enabled for this user. {"status":403,"method":"GET","path":"/api/v1/gpm/updates"} []
[2026-08-12T22:09:54.346404+00:00] grav.DEBUG: API client error: API access is not enabled for this user. {"status":403,"method":"GET","path":"/api/v1/systeminfo"} []
[2026-08-12T22:09:54.357499+00:00] grav.DEBUG: API client error: API access is not enabled for this user. {"status":403,"method":"GET","path":"/api/v1/dashboard/widgets"} []
[2026-08-12T22:09:54.367893+00:00] grav.DEBUG: API client error: API access is not enabled for this user. {"status":403,"method":"GET","path":"/api/v1/dashboard/notifications"} []
[2026-08-12T22:09:54.378489+00:00] grav.DEBUG: API client error: API access is not enabled for this user. {"status":403,"method":"GET","path":"/api/v1/dashboard/security/exposure-probe"} []
[2026-08-12T22:09:54.389446+00:00] grav.DEBUG: API client error: API access is not enabled for this user. {"status":403,"method":"GET","path":"/api/v1/menubar/items"} []
[2026-08-12T22:09:54.402361+00:00] grav.DEBUG: API client error: API access is not enabled for this user. {"status":403,"method":"GET","path":"/api/v1/sidebar/items"} []
[2026-08-12T22:09:54.413255+00:00] grav.DEBUG: API client error: API access is not enabled for this user. {"status":403,"method":"GET","path":"/api/v1/floating-widgets"} []
[2026-08-12T22:09:54.423835+00:00] grav.DEBUG: API client error: API access is not enabled for this user. {"status":403,"method":"GET","path":"/api/v1/context-panels"} []
[2026-08-12T22:09:54.433881+00:00] grav.DEBUG: API client error: API access is not enabled for this user. {"status":403,"method":"GET","path":"/api/v1/dashboard/stats"} []
[2026-08-12T22:09:54.444252+00:00] grav.DEBUG: API client error: API access is not enabled for this user. {"status":403,"method":"GET","path":"/api/v1/me"} []
[2026-08-12T22:10:00.758581+00:00] grav.DEBUG: API client error: API access is not enabled for this user. {"status":403,"method":"GET","path":"/api/v1/dashboard/stats"} []
[2026-08-12T22:10:00.768984+00:00] grav.DEBUG: API client error: API access is not enabled for this user. {"status":403,"method":"GET","path":"/api/v1/system/info"} []
[2026-08-12T22:10:00.779101+00:00] grav.DEBUG: API client error: API access is not enabled for this user. {"status":403,"method":"GET","path":"/api/v1/dashboard/notifications"} []
[2026-08-12T22:10:00.789616+00:00] grav.DEBUG: API client error: API access is not enabled for this user. {"status":403,"method":"GET","path":"/api/v1/pages"} []
[2026-08-12T22:10:00.799406+00:00] grav.DEBUG: API client error: API access is not enabled for this user. {"status":403,"method":"GET","path":"/api/v1/dashboard/popularity"} []
[2026-08-12T22:10:00.809385+00:00] grav.DEBUG: API client error: API access is not enabled for this user. {"status":403,"method":"GET","path":"/api/v1/dashboard/feed"} []
[2026-08-12T22:10:00.819277+00:00] grav.DEBUG: API client error: API access is not enabled for this user. {"status":403,"method":"GET","path":"/api/v1/system/backups"} []
[2026-08-12T22:10:00.829112+00:00] grav.DEBUG: API client error: API access is not enabled for this user. {"status":403,"method":"GET","path":"/api/v1/gpm/updates"} []
[2026-08-12T22:10:00.839077+00:00] grav.DEBUG: API client error: API access is not enabled for this user. {"status":403,"method":"GET","path":"/api/v1/systeminfo"} []
[2026-08-12T22:10:00.848532+00:00] grav.DEBUG: API client error: API access is not enabled for this user. {"status":403,"method":"GET","path":"/api/v1/dashboard/widgets"} []
[2026-08-12T22:10:00.858414+00:00] grav.DEBUG: API client error: API access is not enabled for this user. {"status":403,"method":"GET","path":"/api/v1/dashboard/notifications"} []
[2026-08-12T22:10:03.319192+00:00] grav.DEBUG: API client error: API access is not enabled for this user. {"status":403,"method":"GET","path":"/api/v1/admin/languages"} []
[2026-08-12T22:10:12.194933+00:00] grav.DEBUG: API client error: API access is not enabled for this user. {"status":403,"method":"GET","path":"/api/v1/dashboard/stats"} []
[2026-08-12T22:10:12.204500+00:00] grav.DEBUG: API client error: API access is not enabled for this user. {"status":403,"method":"GET","path":"/api/v1/system/info"} []
[2026-08-12T22:10:12.215347+00:00] grav.DEBUG: API client error: API access is not enabled for this user. {"status":403,"method":"GET","path":"/api/v1/dashboard/notifications"} []
[2026-08-12T22:10:12.224820+00:00] grav.DEBUG: API client error: API access is not enabled for this user. {"status":403,"method":"GET","path":"/api/v1/pages"} []
[2026-08-12T22:10:12.235200+00:00] grav.DEBUG: API client error: API access is not enabled for this user. {"status":403,"method":"GET","path":"/api/v1/dashboard/popularity"} []
[2026-08-12T22:10:12.245342+00:00] grav.DEBUG: API client error: API access is not enabled for this user. {"status":403,"method":"GET","path":"/api/v1/dashboard/feed"} []
[2026-08-12T22:10:12.254209+00:00] grav.DEBUG: API client error: API access is not enabled for this user. {"status":403,"method":"GET","path":"/api/v1/system/backups"} []
[2026-08-12T22:10:12.264803+00:00] grav.DEBUG: API client error: API access is not enabled for this user. {"status":403,"method":"GET","path":"/api/v1/gpm/updates"} []
[2026-08-12T22:10:12.275855+00:00] grav.DEBUG: API client error: API access is not enabled for this user. {"status":403,"method":"GET","path":"/api/v1/systeminfo"} []
[2026-08-12T22:10:12.284787+00:00] grav.DEBUG: API client error: API access is not enabled for this user. {"status":403,"method":"GET","path":"/api/v1/dashboard/widgets"} []
[2026-08-12T22:10:12.294869+00:00] grav.DEBUG: API client error: API access is not enabled for this user. {"status":403,"method":"GET","path":"/api/v1/dashboard/notifications"} []
[2026-08-12T22:10:12.303206+00:00] grav.DEBUG: API client error: API access is not enabled for this user. {"status":403,"method":"GET","path":"/api/v1/dashboard/security/exposure-probe"} []
[2026-08-12T22:10:26.405241+00:00] grav.DEBUG: API client error: API access is not enabled for this user. {"status":403,"method":"GET","path":"/api/v1/admin-next/preferences"} []
[2026-08-12T22:10:26.425677+00:00] grav.DEBUG: API client error: API access is not enabled for this user. {"status":403,"method":"GET","path":"/api/v1/dashboard/stats"} []
[2026-08-12T22:10:26.437714+00:00] grav.DEBUG: API client error: API access is not enabled for this user. {"status":403,"method":"GET","path":"/api/v1/system/info"} []
[2026-08-12T22:10:26.458700+00:00] grav.DEBUG: API client error: API access is not enabled for this user. {"status":403,"method":"GET","path":"/api/v1/dashboard/notifications"} []
[2026-08-12T22:10:26.470843+00:00] grav.DEBUG: API client error: API access is not enabled for this user. {"status":403,"method":"GET","path":"/api/v1/pages"} []
[2026-08-12T22:10:26.484428+00:00] grav.DEBUG: API client error: API access is not enabled for this user. {"status":403,"method":"GET","path":"/api/v1/dashboard/popularity"} []
[2026-08-12T22:10:26.500894+00:00] grav.DEBUG: API client error: API access is not enabled for this user. {"status":403,"method":"GET","path":"/api/v1/dashboard/feed"} []
[2026-08-12T22:10:26.511920+00:00] grav.DEBUG: API client error: API access is not enabled for this user. {"status":403,"method":"GET","path":"/api/v1/system/backups"} []
[2026-08-12T22:10:26.524173+00:00] grav.DEBUG: API client error: API access is not enabled for this user. {"status":403,"method":"GET","path":"/api/v1/gpm/updates"} []
[2026-08-12T22:10:26.537034+00:00] grav.DEBUG: API client error: API access is not enabled for this user. {"status":403,"method":"GET","path":"/api/v1/systeminfo"} []
[2026-08-12T22:10:26.555360+00:00] grav.DEBUG: API client error: API access is not enabled for this user. {"status":403,"method":"GET","path":"/api/v1/dashboard/widgets"} []
[2026-08-12T22:10:26.563551+00:00] grav.DEBUG: API client error: API access is not enabled for this user. {"status":403,"method":"GET","path":"/api/v1/dashboard/notifications"} []
